// Jest Snapshot v1, https://goo.gl/fbAQLP

exports[`Components Dashboard Index should correctly render DashboardPage 1`] = `
<div>
  <h1>
    Dashboard
  </h1>
  <p>
    Welcome
  </p>
</div>
`;
