// Jest Snapshot v1, https://goo.gl/fbAQLP

exports[`Components Shared Headers PrivateHeader should render PrivateHeader correctly 1`] = `
<Header
  buttonText="Logout"
  headerLink="/dashboard"
/>
`;
